// Jest Snapshot v1, https://goo.gl/fbAQLP

exports[`<IQFooter /> IQFooter renders correctly the texts and Snapshot 1`] = `
<View
  className="justify-center items-center"
>
  <Text
    className="text-xs text-center text-[#b0b0b0] dark:text-[#676767]"
    style={
      {
        "fontFamily": "NunitoSans-Italic",
        "fontSize": 10,
      }
    }
  >
    This application uses the FavQs API.
  </Text>
  <Text
    className="text-xs text-center text-[#b0b0b0] dark:text-[#676767]"
    style={
      {
        "fontFamily": "NunitoSans-Italic",
        "fontSize": 10,
      }
    }
  >
    All rights belong to their respective owners
  </Text>
  <Text
    className="text-xs text-[#b0b0b0] dark:text-[#676767]"
    style={
      {
        "fontFamily": "NunitoSans-Italic",
        "fontSize": 8,
      }
    }
  >
    @polacodev
  </Text>
</View>
`;
