// Jest Snapshot v1, https://goo.gl/fbAQLP

exports[`<IQIcon /> IQIcon renders correctly and Snapshot 1`] = `<Text />`;
